started sorting seqs
Warning, using already existing sorted file in specified directory, in not intended, specify different outfolder or delete the current file.
elapsed time sorting: 3.958618402481079
Started imported empirical error probabilities of minimizers shared:
{(0.15, 0.15): 0.0415889778910071, (0.15, 0.14): 0.042153929448530546, (0.14, 0.15): 0.042153929448530546, (0.15, 0.13): 0.047908142428224464, (0.13, 0.15): 0.047908142428224464, (0.15, 0.12): 0.05303760872789402, (0.12, 0.15): 0.05303760872789402, (0.15, 0.11): 0.059340745488415066, (0.11, 0.15): 0.059340745488415066, (0.15, 0.1): 0.0652607855113777, (0.1, 0.15): 0.0652607855113777, (0.15, 0.09): 0.07193039572142228, (0.09, 0.15): 0.07193039572142228, (0.15, 0.08): 0.08275972836189582, (0.08, 0.15): 0.08275972836189582, (0.15, 0.07): 0.09131994589304812, (0.07, 0.15): 0.09131994589304812, (0.15, 0.06): 0.09798359004543872, (0.06, 0.15): 0.09798359004543872, (0.15, 0.05): 0.10919654247571568, (0.05, 0.15): 0.10919654247571568, (0.15, 0.04): 0.12088250630460395, (0.04, 0.15): 0.12088250630460395, (0.15, 0.03): 0.13371351698321593, (0.03, 0.15): 0.13371351698321593, (0.15, 0.02): 0.14847732171805963, (0.02, 0.15): 0.14847732171805963, (0.15, 0.01): 0.16771826963585582, (0.01, 0.15): 0.16771826963585582, (0.14, 0.14): 0.04868602763085257, (0.14, 0.13): 0.05201484373858457, (0.13, 0.14): 0.05201484373858457, (0.14, 0.12): 0.05963312132072705, (0.12, 0.14): 0.05963312132072705, (0.14, 0.11): 0.06491857038156187, (0.11, 0.14): 0.06491857038156187, (0.14, 0.1): 0.07266280191613828, (0.1, 0.14): 0.07266280191613828, (0.14, 0.09): 0.08483887071856454, (0.09, 0.14): 0.08483887071856454, (0.14, 0.08): 0.08939972429162871, (0.08, 0.14): 0.08939972429162871, (0.14, 0.07): 0.09862715995474865, (0.07, 0.14): 0.09862715995474865, (0.14, 0.06): 0.10650846172771418, (0.06, 0.14): 0.10650846172771418, (0.14, 0.05): 0.12225006538455153, (0.05, 0.14): 0.12225006538455153, (0.14, 0.04): 0.13321604985882463, (0.04, 0.14): 0.13321604985882463, (0.14, 0.03): 0.15055734848741692, (0.03, 0.14): 0.15055734848741692, (0.14, 0.02): 0.1637311555528662, (0.02, 0.14): 0.1637311555528662, (0.14, 0.01): 0.18801129441046624, (0.01, 0.14): 0.18801129441046624, (0.13, 0.13): 0.060048123643121905, (0.13, 0.12): 0.06768806205232408, (0.12, 0.13): 0.06768806205232408, (0.13, 0.11): 0.07613064211341031, (0.11, 0.13): 0.07613064211341031, (0.13, 0.1): 0.08021973339911179, (0.1, 0.13): 0.08021973339911179, (0.13, 0.09): 0.09013785264269934, (0.09, 0.13): 0.09013785264269934, (0.13, 0.08): 0.100840351459779, (0.08, 0.13): 0.100840351459779, (0.13, 0.07): 0.11200174470417973, (0.07, 0.13): 0.11200174470417973, (0.13, 0.06): 0.12204389197799578, (0.06, 0.13): 0.12204389197799578, (0.13, 0.05): 0.13803822793959786, (0.05, 0.13): 0.13803822793959786, (0.13, 0.04): 0.14831871173646574, (0.04, 0.13): 0.14831871173646574, (0.13, 0.03): 0.16851783502438084, (0.03, 0.13): 0.16851783502438084, (0.13, 0.02): 0.1871952675782688, (0.02, 0.13): 0.1871952675782688, (0.13, 0.01): 0.20854745558544102, (0.01, 0.13): 0.20854745558544102, (0.12, 0.12): 0.07255745404743452, (0.12, 0.11): 0.08057148742205532, (0.11, 0.12): 0.08057148742205532, (0.12, 0.1): 0.0883535251501081, (0.1, 0.12): 0.0883535251501081, (0.12, 0.09): 0.09929149218014474, (0.09, 0.12): 0.09929149218014474, (0.12, 0.08): 0.11198406200283469, (0.08, 0.12): 0.11198406200283469, (0.12, 0.07): 0.12497331170538348, (0.07, 0.12): 0.12497331170538348, (0.12, 0.06): 0.13689754821488342, (0.06, 0.12): 0.13689754821488342, (0.12, 0.05): 0.15207857625168225, (0.05, 0.12): 0.15207857625168225, (0.12, 0.04): 0.16713347118985927, (0.04, 0.12): 0.16713347118985927, (0.12, 0.03): 0.18675809468986893, (0.03, 0.12): 0.18675809468986893, (0.12, 0.02): 0.20835100355871217, (0.02, 0.12): 0.20835100355871217, (0.12, 0.01): 0.226523041594915, (0.01, 0.12): 0.226523041594915, (0.11, 0.11): 0.0879245202889406, (0.11, 0.1): 0.10477088819250167, (0.1, 0.11): 0.10477088819250167, (0.11, 0.09): 0.11038375618949645, (0.09, 0.11): 0.11038375618949645, (0.11, 0.08): 0.12498806306761687, (0.08, 0.11): 0.12498806306761687, (0.11, 0.07): 0.13655273406342205, (0.07, 0.11): 0.13655273406342205, (0.11, 0.06): 0.15032492504663994, (0.06, 0.11): 0.15032492504663994, (0.11, 0.05): 0.17270547121968197, (0.05, 0.11): 0.17270547121968197, (0.11, 0.04): 0.1897140365379213, (0.04, 0.11): 0.1897140365379213, (0.11, 0.03): 0.2095230145751182, (0.03, 0.11): 0.2095230145751182, (0.11, 0.02): 0.2324153207033126, (0.02, 0.11): 0.2324153207033126, (0.11, 0.01): 0.2594113547273413, (0.01, 0.11): 0.2594113547273413, (0.1, 0.1): 0.11076483160074667, (0.1, 0.09): 0.12466200611129623, (0.09, 0.1): 0.12466200611129623, (0.1, 0.08): 0.13462736731160632, (0.08, 0.1): 0.13462736731160632, (0.1, 0.07): 0.14979852698761414, (0.07, 0.1): 0.14979852698761414, (0.1, 0.06): 0.1722914403111509, (0.06, 0.1): 0.1722914403111509, (0.1, 0.05): 0.1854292386029275, (0.05, 0.1): 0.1854292386029275, (0.1, 0.04): 0.21254948914476163, (0.04, 0.1): 0.21254948914476163, (0.1, 0.03): 0.22855931884228728, (0.03, 0.1): 0.22855931884228728, (0.1, 0.02): 0.2583202305161808, (0.02, 0.1): 0.2583202305161808, (0.1, 0.01): 0.2916991878429801, (0.01, 0.1): 0.2916991878429801, (0.09, 0.09): 0.13615205099255634, (0.09, 0.08): 0.15288168171109962, (0.08, 0.09): 0.15288168171109962, (0.09, 0.07): 0.1702183601997917, (0.07, 0.09): 0.1702183601997917, (0.09, 0.06): 0.18551595688073383, (0.06, 0.09): 0.18551595688073383, (0.09, 0.05): 0.21320185309325645, (0.05, 0.09): 0.21320185309325645, (0.09, 0.04): 0.23253113573353662, (0.04, 0.09): 0.23253113573353662, (0.09, 0.03): 0.2655995943907541, (0.03, 0.09): 0.2655995943907541, (0.09, 0.02): 0.28699352263547323, (0.02, 0.09): 0.28699352263547323, (0.09, 0.01): 0.324217904252561, (0.01, 0.09): 0.324217904252561, (0.08, 0.08): 0.16927648706863638, (0.08, 0.07): 0.1904527602065912, (0.07, 0.08): 0.1904527602065912, (0.08, 0.06): 0.20953566663210377, (0.06, 0.08): 0.20953566663210377, (0.08, 0.05): 0.23504547783763752, (0.05, 0.08): 0.23504547783763752, (0.08, 0.04): 0.26140250847541247, (0.04, 0.08): 0.26140250847541247, (0.08, 0.03): 0.28672341327226225, (0.03, 0.08): 0.28672341327226225, (0.08, 0.02): 0.32224828814111717, (0.02, 0.08): 0.32224828814111717, (0.08, 0.01): 0.3612346855593845, (0.01, 0.08): 0.3612346855593845, (0.07, 0.07): 0.21180736925105167, (0.07, 0.06): 0.23452265785666773, (0.06, 0.07): 0.23452265785666773, (0.07, 0.05): 0.2593035745939821, (0.05, 0.07): 0.2593035745939821, (0.07, 0.04): 0.28818372678771986, (0.04, 0.07): 0.28818372678771986, (0.07, 0.03): 0.3222485470181534, (0.03, 0.07): 0.3222485470181534, (0.07, 0.02): 0.358965359776146, (0.02, 0.07): 0.358965359776146, (0.07, 0.01): 0.4050034269573387, (0.01, 0.07): 0.4050034269573387, (0.06, 0.06): 0.26164622902718276, (0.06, 0.05): 0.2882919590292211, (0.05, 0.06): 0.2882919590292211, (0.06, 0.04): 0.3229183267114123, (0.04, 0.06): 0.3229183267114123, (0.06, 0.03): 0.3568234381632057, (0.03, 0.06): 0.3568234381632057, (0.06, 0.02): 0.40426258618467603, (0.02, 0.06): 0.40426258618467603, (0.06, 0.01): 0.4570320907468319, (0.01, 0.06): 0.4570320907468319, (0.05, 0.05): 0.3247113171113825, (0.05, 0.04): 0.3655762504583922, (0.04, 0.05): 0.3655762504583922, (0.05, 0.03): 0.4004254984278043, (0.03, 0.05): 0.4004254984278043, (0.05, 0.02): 0.44480557042171676, (0.02, 0.05): 0.44480557042171676, (0.05, 0.01): 0.5042593757425662, (0.01, 0.05): 0.5042593757425662, (0.04, 0.04): 0.40397230441222187, (0.04, 0.03): 0.4504833436204772, (0.03, 0.04): 0.4504833436204772, (0.04, 0.02): 0.5035264011757759, (0.02, 0.04): 0.5035264011757759, (0.04, 0.01): 0.5640196237440102, (0.01, 0.04): 0.5640196237440102, (0.03, 0.03): 0.5042310218545427, (0.03, 0.02): 0.5628596034979872, (0.02, 0.03): 0.5628596034979872, (0.03, 0.01): 0.6336816725926158, (0.01, 0.03): 0.6336816725926158, (0.02, 0.02): 0.6320055861432075, (0.02, 0.01): 0.7097402554926239, (0.01, 0.02): 0.7097402554926239, (0.01, 0.01): 0.7905232462532255}
225
elapsed time imported empirical error probabilities of minimizers shared: 0.017833232879638672
started clustring
Using 1 core.
Saved: 0 iterations.
Processing read 10000 seq length: 3045 nr non-trivial clusters: 1483 kmers stored: 253318
clust distr: [181, 140]
Depth of minimizer_database: 21.06 [116, 58, 45, 42, 28, 25, 25, 25, 25, 22, 21, 21, 21, 20, 19, 19, 18, 18, 18, 17, 17, 17, 17, 17, 17, 16, 16, 16, 16, 15, 15, 15, 15, 15, 15, 15, 15, 15, 14, 14, 14, 14, 14, 14, 14, 14, 14, 14, 13, 13]
Processing read 20000 seq length: 4206 nr non-trivial clusters: 2408 kmers stored: 318035
clust distr: [267, 226, 146]
Depth of minimizer_database: 27.68 [144, 76, 56, 56, 40, 36, 35, 34, 32, 30, 29, 28, 27, 26, 26, 26, 25, 25, 25, 24, 24, 22, 22, 22, 22, 21, 21, 21, 21, 20, 20, 20, 20, 20, 20, 19, 19, 19, 18, 18, 18, 18, 18, 18, 18, 17, 17, 17, 17, 17]
Processing read 30000 seq length: 2112 nr non-trivial clusters: 3239 kmers stored: 360804
clust distr: [313, 292, 188, 137, 126, 107, 105, 101]
Depth of minimizer_database: 32.28 [166, 91, 71, 68, 47, 41, 40, 37, 37, 36, 32, 32, 30, 29, 29, 29, 29, 28, 28, 28, 27, 27, 27, 27, 26, 26, 26, 26, 24, 24, 23, 23, 23, 23, 22, 22, 22, 22, 21, 21, 21, 21, 21, 21, 20, 20, 20, 20, 20, 20]
Processing read 40000 seq length: 3111 nr non-trivial clusters: 3982 kmers stored: 394069
clust distr: [365, 330, 215, 195, 153, 136, 127, 126, 111, 111, 109, 109, 108, 107, 105, 105, 105, 101]
Depth of minimizer_database: 35.96 [186, 101, 76, 75, 51, 50, 47, 41, 40, 40, 39, 34, 33, 32, 32, 32, 32, 31, 31, 30, 30, 30, 30, 30, 29, 29, 28, 26, 26, 26, 25, 25, 25, 25, 25, 25, 25, 24, 24, 24, 24, 24, 24, 24, 24, 23, 23, 23, 23, 22]
Processing read 50000 seq length: 1661 nr non-trivial clusters: 4667 kmers stored: 421295
clust distr: [408, 377, 245, 233, 170, 161, 156, 144, 128, 126, 124, 122, 122, 122, 122, 118, 118, 113, 110, 105, 101]
Depth of minimizer_database: 39.3 [203, 109, 82, 81, 55, 53, 53, 45, 44, 42, 40, 37, 36, 36, 35, 34, 34, 34, 33, 33, 33, 32, 32, 32, 32, 32, 31, 30, 30, 30, 29, 28, 27, 27, 27, 27, 27, 27, 27, 27, 27, 27, 26, 26, 26, 26, 26, 25, 25, 25]
Processing read 60000 seq length: 2190 nr non-trivial clusters: 5396 kmers stored: 446642
clust distr: [440, 411, 264, 261, 189, 183, 172, 161, 150, 143, 136, 134, 134, 134, 134, 128, 127, 125, 122, 118, 114, 111, 111, 104]
Depth of minimizer_database: 42.74 [218, 120, 92, 88, 60, 56, 56, 49, 47, 47, 42, 40, 40, 40, 40, 38, 37, 37, 37, 36, 36, 36, 35, 34, 33, 33, 33, 33, 32, 32, 32, 31, 31, 30, 30, 30, 29, 29, 29, 29, 29, 29, 29, 28, 28, 28, 28, 27, 27, 27]
Processing read 70000 seq length: 2312 nr non-trivial clusters: 6143 kmers stored: 469356
clust distr: [471, 438, 291, 274, 224, 191, 191, 178, 172, 158, 151, 148, 146, 146, 146, 140, 139, 134, 134, 132, 131, 123, 120, 113, 113, 108, 105, 102, 102]
Depth of minimizer_database: 45.74 [234, 127, 96, 96, 64, 60, 58, 49, 49, 48, 47, 46, 45, 45, 43, 41, 41, 40, 38, 38, 38, 37, 37, 36, 36, 35, 35, 34, 34, 34, 34, 33, 33, 33, 33, 32, 32, 32, 32, 32, 31, 31, 30, 30, 30, 30, 30, 30, 29, 29]
Processing read 80000 seq length: 935 nr non-trivial clusters: 7013 kmers stored: 492722
clust distr: [490, 463, 314, 288, 249, 201, 199, 194, 191, 172, 159, 158, 158, 154, 153, 148, 146, 144, 142, 138, 135, 128, 128, 124, 124, 118, 115, 108, 107, 103, 101]
Depth of minimizer_database: 49.0 [250, 135, 99, 98, 66, 64, 60, 56, 56, 52, 51, 49, 49, 49, 47, 46, 43, 43, 42, 42, 40, 40, 39, 38, 38, 38, 37, 37, 37, 36, 36, 36, 36, 36, 35, 34, 34, 34, 34, 34, 33, 33, 33, 33, 33, 33, 32, 32, 31, 31]
Processing read 90000 seq length: 705 nr non-trivial clusters: 7930 kmers stored: 512563
clust distr: [501, 477, 344, 299, 257, 212, 210, 209, 199, 178, 170, 165, 164, 160, 159, 156, 155, 154, 150, 145, 141, 138, 135, 128, 128, 126, 120, 113, 111, 111, 110, 109, 104, 103]
Depth of minimizer_database: 51.48 [262, 144, 103, 102, 69, 66, 63, 63, 60, 54, 52, 52, 51, 50, 50, 49, 46, 45, 45, 44, 42, 42, 41, 41, 39, 39, 39, 38, 38, 38, 37, 37, 37, 37, 36, 36, 36, 36, 36, 36, 36, 35, 35, 35, 34, 34, 34, 34, 33, 33]
Total number of reads iterated through:100000
Passed mapping criteria:58834
Passed alignment criteria in this process:28882
Total calls to alignment mudule in this process:29992
Time elapesd clustering: 1475.703809261322
Time elapsed clustering: 1475.7827467918396
Nr clusters larger than 1: 8930
Nr clusters (all): 12284
	Command being timed: "python /galaxy/home/ksahlin/prefix/source/isONclust/isONclust --t 1 --fastq /nfs/brubeck.bx.psu.edu/scratch6/ksahlin/preclust_eval/ccs/ENSEMBL/100000/ccs.fastq --outfolder /nfs/brubeck.bx.psu.edu/scratch6/ksahlin/preclust_eval/cluster/qt_clust/ENSEMBL/100000/"
	User time (seconds): 1289.28
	System time (seconds): 189.90
	Percent of CPU this job got: 99%
	Elapsed (wall clock) time (h:mm:ss or m:ss): 24:43.34
	Average shared text size (kbytes): 0
	Average unshared data size (kbytes): 0
	Average stack size (kbytes): 0
	Average total size (kbytes): 0
	Maximum resident set size (kbytes): 881660
	Average resident set size (kbytes): 0
	Major (requiring I/O) page faults: 21
	Minor (reclaiming a frame) page faults: 73117142
	Voluntary context switches: 967
	Involuntary context switches: 3184
	Swaps: 0
	File system inputs: 912584
	File system outputs: 127744
	Socket messages sent: 0
	Socket messages received: 0
	Signals delivered: 0
	Page size (bytes): 4096
	Exit status: 0
